
> gijo-smart-md-studio@2.0.0 build:win
> electron-builder --win

  • electron-builder  version=26.15.3 os=10.0.26100
  • Implicit publishing triggered by CI detection. This behavior will be disabled in electron-builder v27. Please use --publish explicitly.
  • loaded configuration  file=package.json ("build" field)
  • executing @electron/rebuild  electronVersion=33.4.11 arch=x64 buildFromSource=false workspaceRoot=D:\a\gijo-smart-md-studio\gijo-smart-md-studio projectDir=./ appDir=./
  • installing native dependencies  arch=x64
  • completed installing native dependencies
  • packaging       platform=win32 arch=x64 electron=33.4.11 appOutDir=dist\win-unpacked
  • downloaded      label=electron progress=100%
  • downloaded electron zip extracted successfully  output=D:\a\gijo-smart-md-studio\gijo-smart-md-studio\dist\win-unpacked
  • searching for node modules  pm=npm searchDir=D:\a\gijo-smart-md-studio\gijo-smart-md-studio
  • searching for node modules  pm=traversal searchDir=D:\a\gijo-smart-md-studio\gijo-smart-md-studio
  • using manual traversal of node_modules to build dependency tree
  • no node modules returned while searching directories  searchDirectories=[""]
  • updating asar integrity executable resource  executablePath=dist\win-unpacked\GIJO Smart MD Studio.exe
  • downloaded      label=icons-bundle.tar.gz progress=100%
  • signing with signtool.exe  path=dist\win-unpacked\GIJO Smart MD Studio.exe
  • building        target=nsis file=dist\GIJO Smart MD Studio Setup 2.0.0.exe archs=x64 oneClick=true perMachine=false
  • downloaded      label=nsis-3.0.4.1.7z progress=100%
  • downloaded      label=7zip-win-x64.tar.gz progress=100%
  • signing with signtool.exe  path=dist\win-unpacked\resources\elevate.exe
  • downloaded      label=nsis-resources-3.4.1.7z progress=100%
  • signing with signtool.exe  path=dist\GIJO Smart MD Studio Setup 2.0.0.__uninstaller.exe
  • signing with signtool.exe  path=dist\GIJO Smart MD Studio Setup 2.0.0.exe
  • building block map  blockMapFile=dist\GIJO Smart MD Studio Setup 2.0.0.exe.blockmap
  ⨯ GitHub Personal Access Token is not set, neither programmatically, nor using env "GH_TOKEN"
